
> yallacatch-backend-complete@2.0.0 build
> rimraf dist && tsc

src/modules/admin/routes/partners.routes.ts(72,6): error TS1435: Unknown keyword or identifier. Did you mean 'return'?
src/modules/admin/routes/partners.routes.ts(73,4): error TS1128: Declaration or statement expected.
src/modules/admin/routes/partners.routes.ts(82,6): error TS1435: Unknown keyword or identifier. Did you mean 'return'?
src/modules/admin/routes/partners.routes.ts(83,3): error TS1128: Declaration or statement expected.
src/modules/admin/routes/partners.routes.ts(83,4): error TS1128: Declaration or statement expected.
src/modules/admin/routes/partners.routes.ts(84,1): error TS1128: Declaration or statement expected.
src/modules/admin/routes/prizes.routes.ts(107,5): error TS1005: ';' expected.
src/modules/admin/routes/prizes.routes.ts(108,4): error TS1128: Declaration or statement expected.
src/modules/admin/routes/prizes.routes.ts(129,5): error TS1005: ';' expected.
src/modules/admin/routes/prizes.routes.ts(146,3): error TS1128: Declaration or statement expected.
src/modules/admin/routes/prizes.routes.ts(146,4): error TS1128: Declaration or statement expected.
src/modules/admin/routes/prizes.routes.ts(147,1): error TS1128: Declaration or statement expected.
src/modules/admin/routes/system.routes.ts(50,6): error TS1435: Unknown keyword or identifier. Did you mean 'return'?
src/modules/admin/routes/system.routes.ts(51,4): error TS1128: Declaration or statement expected.
src/modules/admin/routes/system.routes.ts(57,6): error TS1435: Unknown keyword or identifier. Did you mean 'return'?
src/modules/admin/routes/system.routes.ts(65,6): error TS1435: Unknown keyword or identifier. Did you mean 'const'?
src/modules/admin/routes/system.routes.ts(67,3): error TS1128: Declaration or statement expected.
src/modules/admin/routes/system.routes.ts(67,4): error TS1128: Declaration or statement expected.
src/modules/admin/routes/system.routes.ts(68,1): error TS1128: Declaration or statement expected.
src/modules/admin/routes/users.routes.ts(81,6): error TS1435: Unknown keyword or identifier. Did you mean 'return'?
src/modules/admin/routes/users.routes.ts(102,4): error TS1128: Declaration or statement expected.
src/modules/admin/routes/users.routes.ts(103,1): error TS1128: Declaration or statement expected.
