
> yallacatch-backend-complete@2.0.0 test
> jest --passWithNoTests backend/src/services/__tests__/game.service.test.ts

npm : FAIL src/services/__tests
__/game.service.test.ts
Au caractère Ligne:1 : 1
+ npm test backend/src/services
/__tests__/game.service.test.ts
 > test_o ...
+ ~~~~~~~~~~~~~~~~~~~~~~~~~~~~~
~~~~~~~~~~~~~~~~~~~~~~~~~~~~~~~
~~~~~~~~~
    + CategoryInfo          :  
   NotSpecified: (FAIL src/se  
  rvic...service.test.ts:Str   
 ing) [], RemoteException
    + FullyQualifiedErrorId :  
   NativeCommandError
 
  GameService
    startGameSession
      ÔêÜ should start a new 
session for valid user (4 ms)
      ÔêÜ should throw if user 
is banned (7 ms)
    updateLocation
      ├ù should update 
location and return nearby 
prizes (2 ms)
      ├ù should log warning if 
cheating detected (1 ms)
      ÔêÜ should throw if 
session not found (1 ms)
    endGameSession
      ÔêÜ should end session 
and update stats (1 ms)
      ÔêÜ should throw if user 
unauthorized (1 ms)

  ÔùÅ GameService ÔÇ║ 
updateLocation ÔÇ║ should 
update location and return 
nearby prizes

    TypeError: Cannot read 
properties of undefined 
(reading 'limit')

    [0m [90m 757 |[39m      
               }
     [90m 758 |[39m          
       }
    [31m[1m>[22m[39m[90m 
759 |[39m             })[33m.
[39mlimit([35m10[39m)[33m;
[39m
     [90m     |[39m          
     [31m[1m^[22m[39m
     [90m 760 |[39m
     [90m 761 |[39m          
   [36mreturn[39m nearbyPrize
s[33m.[39mmap(prize 
[33m=>[39m ({
     [90m 762 |[39m          
       id[33m:[39m prize[33m
.[39m_id[33m,[39m[0m

      at 
Function.findNearbyPrizes (src/
services/game.service.ts:759:15
)
      at async 
Function.updateLocation (src/se
rvices/game.service.ts:383:34)
      at async 
Object.<anonymous> (src/service
s/__tests__/game.service.test.t
s:130:28)

  ÔùÅ GameService ÔÇ║ 
updateLocation ÔÇ║ should log 
warning if cheating detected

    TypeError: 
user.updateLocation is not a 
function

    [0m [90m 360 |[39m      
       [36mconst[39m user 
[33m=[39m [36mawait[39m [3
3mUser[39m[33m.[39mfindById(
userId)[33m;[39m
     [90m 361 |[39m          
   [36mif[39m (user) {
    [31m[1m>[22m[39m[90m 
362 |[39m                 user
[33m.[39mupdateLocation(locat
ionData[33m.[39mlocation[33m
.[39mlatitude[33m,[39m locat
ionData[33m.[39mlocation[33m
.[39mlongitude[33m,[39m user
[33m.[39mlocation[33m?[39m
[33m.[39mcity [33m||[39m 
[32m''[39m)[33m;[39m
     [90m     |[39m          
            
[31m[1m^[22m[39m
     [90m 363 |[39m          
       
user[33m.[39mlastActive 
[33m=[39m [36mnew[39m 
[33mDate[39m()[33m;[39m
     [90m 364 |[39m          
       [36mif[39m (context[3
3m?[39m[33m.[39mip 
[33m&&[39m 
user[33m.[39mlastIp 
[33m!==[39m undefined) 
user[33m.[39mlastIp 
[33m=[39m 
context[33m.[39mip[33m;[39m
     [90m 365 |[39m          
       [36mif[39m (context[3
3m?[39m[33m.[39muserAgent 
[33m&&[39m 
user[33m.[39mlastUserAgent 
[33m!==[39m undefined) 
user[33m.[39mlastUserAgent 
[33m=[39m context[33m.[39mu
serAgent[33m;[39m[0m

      at 
Function.updateLocation (src/se
rvices/game.service.ts:362:22)
      at async 
Object.<anonymous> (src/service
s/__tests__/game.service.test.t
s:147:28)

Test Suites: 1 failed, 1 total
Tests:       2 failed, 5 
passed, 7 total
Snapshots:   0 total
Time:        4.38 s, estimated 
11 s
Ran all test suites matching /b
ackend\\src\\services\\__tests_
_\\game.service.test.ts/i.
