npx : FAIL src/services/__tests
__/capture.service.test.ts
Au caractère Ligne:1 : 1
+ npx jest backend/src/services
/__tests__/capture.service.test
.ts > tes ...
+ ~~~~~~~~~~~~~~~~~~~~~~~~~~~~~
~~~~~~~~~~~~~~~~~~~~~~~~~~~~~~~
~~~~~~~~~
    + CategoryInfo          :  
   NotSpecified: (FAIL src/se  
  rvic...service.test.ts:Str   
 ing) [], RemoteException
    + FullyQualifiedErrorId :  
   NativeCommandError
 
  ÔùÅ Test suite failed to run

    [96msrc/services/__tests__
/capture.service.test.ts[0m:[
93m2[0m:[93m30[0m - 
[91merror[0m[90m TS2307: 
[0mCannot find module 
'../../proximity' or its 
corresponding type 
declarations.

    [7m2[0m import 
ProximityService from 
'../../proximity';
    [7m [0m [91m            
                 
~~~~~~~~~~~~~~~~~[0m
    [96msrc/services/__tests__
/capture.service.test.ts[0m:[
93m90[0m:[93m23[0m - 
[91merror[0m[90m TS2339: 
[0mProperty 
'getCurrentSettings' does not 
exist on type 
'Model<ISettings, {}, {}, {}, 
Document<unknown, {}, 
ISettings, {}, {}> & ISettings 
& Required<{ _id: ObjectId; }> 
& { ...; }, any>'.

    [7m90[0m             
(Settings.getCurrentSettings 
as unknown as 
jest.Mock).mockResolvedValue({
    [7m  [0m [91m           
           
~~~~~~~~~~~~~~~~~~[0m
    [96msrc/services/__tests__
/capture.service.test.ts[0m:[
93m138[0m:[93m23[0m - 
[91merror[0m[90m TS2339: 
[0mProperty 
'getCurrentSettings' does not 
exist on type 
'Model<ISettings, {}, {}, {}, 
Document<unknown, {}, 
ISettings, {}, {}> & ISettings 
& Required<{ _id: ObjectId; }> 
& { ...; }, any>'.

    [7m138[0m             
(Settings.getCurrentSettings 
as unknown as jest.Mock).mockRe
solvedValue(null); // No 
settings
    [7m   [0m [91m          
            
~~~~~~~~~~~~~~~~~~[0m

Test Suites: 1 failed, 1 total
Tests:       0 total
Snapshots:   0 total
Time:        5.415 s
Ran all test suites matching /b
ackend\\src\\services\\__tests_
_\\capture.service.test.ts/i.
